[backblue.gif]
[fade.gif]
[index.html]
[innokit.com.au/wp-json/oembed/1.0/embed10fb.json]
[innokit.com.au/feed/index.html]
[innokit.com.au/comments/feed/index.html]
[innokit.com.au/wp-json/oembed/1.0/embed6aab]
[innokit.com.au/wp-json/wp/v2/pages/2761.json]
[innokit.com.au/wp-json/index.html]
[innokit.com.au/xmlrpc0db0.php]
[innokit.com.au/wp-content/uploads/2025/01/cropped-Innokit-Master-Square-White-RGB-32x32.png]
[innokit.com.au/wp-content/uploads/2025/01/cropped-Innokit-Master-Square-White-RGB-192x192.png]
[innokit.com.au/wp-content/uploads/2025/01/cropped-Innokit-Master-Square-White-RGB-180x180.png]
[innokit.com.au/wp-content/uploads/2025/01/cropped-Innokit-Master-Square-White-RGB-270x270.png]
[innokit.com.au/wp-content/uploads/2025/01/instagram-mobile-menu-logo.jpg]
[innokit.com.au/wp-content/uploads/2025/01/linkedin-mobile-menu-logo.jpg]
[innokit.com.au/wp-content/uploads/2025/02/Innokit-Desktop-Splash-NEW.mp4]
[innokit.com.au/wp-content/uploads/2025/02/Innokit-Mobile-Splash-NEW.mp4]
[innokit.com.au/wp-content/uploads/2025/01/231020_NN_CastleCct_0043_Compressed-scaled.jpg]
[innokit.com.au/wp-content/uploads/2025/01/230626_NN_mosman_1677_Compressed-1-1-scaled.jpg]
[innokit.com.au/wp-content/uploads/2025/01/Group-405-scaled.jpg]
[innokit.com.au/wp-content/uploads/2025/01/Group-425.png]
[innokit.com.au/wp-content/uploads/2025/01/Group-426.png]
[innokit.com.au/wp-content/uploads/2025/01/Group-427.png]
[innokit.com.au/wp-content/uploads/2025/01/original.jpg]
[innokit.com.au/wp-content/uploads/2025/01/original-300x129.jpg]
[innokit.com.au/wp-content/uploads/2025/01/images-1.jpg]
[innokit.com.au/wp-content/uploads/2025/01/images-1-300x129.jpg]
[innokit.com.au/wp-content/uploads/2025/01/NNC-website-logo-png.jpg]
[innokit.com.au/wp-content/uploads/2025/01/NNC-website-logo-png-300x129.jpg]
[innokit.com.au/wp-content/uploads/2025/01/UNIFYLOGO45.jpg]
[innokit.com.au/wp-content/uploads/2025/01/UNIFYLOGO45-300x129.jpg]
[innokit.com.au/wp-content/uploads/2025/01/mascco-Logo-jpg.jpg]
[innokit.com.au/wp-content/uploads/2025/01/mascco-Logo-jpg-300x129.jpg]
[innokit.com.au/wp-content/uploads/2025/01/ork.jpg]
[innokit.com.au/wp-content/uploads/2025/01/ork-300x129.jpg]
[innokit.com.au/wp-content/uploads/2025/01/HabitatHousing-Logo-01-Box.jpg]
[innokit.com.au/wp-content/uploads/2025/01/HabitatHousing-Logo-01-Box-300x129.jpg]
[innokit.com.au/wp-content/uploads/2024/12/compony-logo-9.jpg]
[innokit.com.au/wp-content/uploads/2024/12/compony-logo-9-300x69.jpg]
[innokit.com.au/wp-content/uploads/2025/01/lbg.jpg]
[innokit.com.au/wp-content/uploads/2025/01/lbg-300x129.jpg]
[innokit.com.au/wp-content/uploads/2024/12/supplier-logo-1.jpg]
[innokit.com.au/wp-content/uploads/2024/12/supplier-logo-1-300x62.jpg]
[innokit.com.au/wp-content/uploads/2024/12/supplier-logo-2.jpg]
[innokit.com.au/wp-content/uploads/2024/12/supplier-logo-2-300x62.jpg]
[innokit.com.au/wp-content/uploads/2024/12/supplier-logo-3.jpg]
[innokit.com.au/wp-content/uploads/2024/12/supplier-logo-3-300x110.jpg]
[innokit.com.au/wp-content/uploads/2024/12/supplier-logo-4.jpg]
[innokit.com.au/wp-content/uploads/2025/01/NAV.jpg]
[innokit.com.au/wp-content/uploads/2025/01/NAV-300x136.jpg]
[innokit.com.au/wp-content/uploads/2025/01/Image-24.jpg]
[innokit.com.au/wp-content/uploads/2025/01/Image-24-300x136.jpg]
[innokit.com.au/wp-content/uploads/2025/01/Image-23.jpg]
[innokit.com.au/wp-content/uploads/2025/01/Image-23-300x178.jpg]
[innokit.com.au/wp-content/uploads/2025/01/Image-22.jpg]
[innokit.com.au/wp-content/uploads/2025/01/Image-22-300x88.jpg]
[innokit.com.au/wp-content/uploads/2025/01/Image-21.jpg]
[innokit.com.au/wp-content/uploads/2025/01/Image-21-300x52.jpg]
[innokit.com.au/wp-content/uploads/2025/01/Image-20.jpg]
[innokit.com.au/wp-content/uploads/2025/01/Image-20-300x36.jpg]
[innokit.com.au/wp-content/uploads/2024/12/033.jpg]
[innokit.com.au/wp-content/uploads/2024/12/008.jpg]
[innokit.com.au/wp-content/uploads/2024/12/009.jpg]
[innokit.com.au/wp-content/uploads/2024/12/011.jpg]
[innokit.com.au/wp-content/uploads/2024/12/036.jpg]
[innokit.com.au/wp-content/uploads/2024/12/about-us-3.png]
[innokit.com.au/wp-content/uploads/2024/12/about-us-3-300x180.png]
[innokit.com.au/wp-content/uploads/2024/12/about-us-1.png]
[innokit.com.au/wp-content/uploads/2024/12/about-us-1-276x300.png]
[innokit.com.au/wp-content/uploads/2024/12/about-us-2.png]
[innokit.com.au/wp-content/uploads/2024/12/about-us-2-173x300.png]
[innokit.com.au/wp-content/uploads/2024/12/023.jpg]
[innokit.com.au/wp-content/uploads/2024/12/023-300x200.jpg]
[innokit.com.au/wp-content/uploads/2024/12/023-1024x682.jpg]
[innokit.com.au/wp-content/uploads/2024/12/023-768x512.jpg]
[innokit.com.au/wp-content/uploads/2024/12/023-1536x1024.jpg]
[innokit.com.au/wp-content/uploads/2025/01/Group-379.png]
[innokit.com.au/wp-content/uploads/2025/01/Group-379-300x49.png]
[innokit.com.au/wp-content/plugins/elementor/assets/images/placeholder.png]
[innokit.com.au/wp-includes/js/thickbox/loadingAnimation.gif]
[innokit.com.au/index.html]
[innokit.com.au/wp-includes/fonts/dashicons7d4b.ttf]
[innokit.com.au/wp-includes/css/dashicons.min4d6f.css]
[innokit.com.au/wp-includes/fonts/dashicons7d4b.eot]
[innokit.com.au/wp-content/plugins/ecommerce-product-catalog/css/images/warning.png]
[innokit.com.au/wp-content/plugins/ecommerce-product-catalog/css/images/info.png]
[innokit.com.au/wp-content/plugins/ecommerce-product-catalog/css/images/plus.png]
[innokit.com.au/wp-content/plugins/ecommerce-product-catalog/css/images/success.png]
[innokit.com.au/wp-content/plugins/ecommerce-product-catalog/css/al_product.min173c.css]
[innokit.com.au/wp-content/plugins/ecommerce-product-catalog/css/search.png]
[innokit.com.au/wp-content/plugins/ecommerce-product-catalog/includes/blocks/ic-blocks.min173c.css]
[innokit.com.au/wp-content/plugins/contact-form-7/includes/css/styles6a4d.css]
[innokit.com.au/wp-content/themes/hello-elementor/style.mindeae.css]
[innokit.com.au/wp-content/themes/hello-elementor/theme.mindeae.css]
[innokit.com.au/wp-content/themes/hello-elementor/header-footer.mindeae.css]
[innokit.com.au/wp-content/uploads/elementor/css/custom-frontend.min954c.css]
[innokit.com.au/wp-content/uploads/2024/12/ArticulatCF-Normal.woff2]
[innokit.com.au/wp-content/uploads/2024/12/ArticulatCF-Normal.woff]
[innokit.com.au/wp-content/uploads/2024/12/ArticulatCF-Bold.woff2]
[innokit.com.au/wp-content/uploads/2024/12/ArticulatCF-Bold.woff]
[innokit.com.au/wp-content/uploads/2024/12/ArticulatCF-Medium.woff2]
[innokit.com.au/wp-content/uploads/2024/12/ArticulatCF-Medium.woff]
[innokit.com.au/wp-content/uploads/2024/12/ArticulatCF-DemiBold.woff2]
[innokit.com.au/wp-content/uploads/elementor/css/post-7c953.css]
[innokit.com.au/wp-content/uploads/2024/12/ArticulatCF-DemiBold.woff]
[innokit.com.au/wp-content/uploads/elementor/css/custom-pro-widget-nav-menu.minc953.css]
[innokit.com.au/wp-content/plugins/elementor/assets/css/widget-image.min2801.css]
[innokit.com.au/wp-content/plugins/elementor/assets/css/widget-heading.min2801.css]
[innokit.com.au/wp-content/plugins/elementor/assets/css/widget-divider.min2801.css]
[innokit.com.au/wp-content/uploads/elementor/css/custom-pro-frontend.minc953.css]
[innokit.com.au/wp-content/plugins/elementor/assets/lib/swiper/v8/css/swiper.min94a4.css]
[innokit.com.au/wp-content/plugins/elementor/assets/css/conditionals/e-swiper.min2801.css]
[innokit.com.au/wp-content/plugins/elementor/assets/css/widget-image-carousel.min2801.css]
[innokit.com.au/wp-content/plugins/elementor-pro/assets/css/widget-gallery.min81e1.css]
[innokit.com.au/wp-content/plugins/elementor/assets/lib/e-gallery/css/e-gallery.min7359.css]
[innokit.com.au/wp-content/plugins/elementor-pro/assets/css/widget-carousel.min81e1.css]
[innokit.com.au/wp-content/uploads/2024/12/017.jpg]
[innokit.com.au/wp-content/uploads/2024/12/034.jpg]
[innokit.com.au/wp-content/uploads/2025/01/012.png]
[innokit.com.au/wp-content/uploads/2025/01/019.jpg]
[innokit.com.au/wp-content/uploads/2024/12/021.jpg]
[innokit.com.au/wp-content/uploads/2024/12/we-work-background.png]
[innokit.com.au/wp-content/uploads/2024/12/room-3.png]
[innokit.com.au/wp-content/uploads/elementor/css/post-276122b1.css]
[innokit.com.au/wp-content/uploads/elementor/css/post-8822b1.css]
[innokit.com.au/wp-content/uploads/2025/01/have-chat-bg-scaled-1.jpg]
[innokit.com.au/wp-content/uploads/2025/01/footer-logo.png]
[innokit.com.au/wp-content/uploads/2024/12/have-chat-bg-scaled.jpg]
[innokit.com.au/wp-content/uploads/elementor/css/post-59722b1.css]
[innokit.com.au/wp-content/uploads/2024/12/footer-bg-res.png]
[innokit.com.au/wp-content/uploads/elementor/css/post-7122b1.css]
[innokit.com.au/wp-content/themes/zb-elementor/styleb2fc.css]
[innokit.com.au/wp-content/themes/zb-elementor/animation8a54.css]
[innokit.com.au/wp-includes/js/jquery/jquery.minf43b.js]
[innokit.com.au/wp-includes/js/jquery/jquery-migrate.min5589.js]
[innokit.com.au/wp-json/oembed/1.0/embed90c7.json]
[innokit.com.au/wp-json/oembed/1.0/embed67f3]
[innokit.com.au/wp-json/wp/v2/pages/2093.json]
[innokit.com.au/wp-content/uploads/2025/02/Baineng-logo-white-1024x109.png]
[innokit.com.au/wp-content/uploads/2025/02/Baineng-logo-white-300x32.png]
[innokit.com.au/wp-content/uploads/2025/02/Baineng-logo-white-768x82.png]
[innokit.com.au/wp-content/uploads/2025/02/Baineng-logo-white.png]
[innokit.com.au/wp-content/uploads/2025/02/Kembla-Kitchens-Logo-Cropped-1024x314.png]
[innokit.com.au/wp-content/uploads/2025/02/Kembla-Kitchens-Logo-Cropped-300x92.png]
[innokit.com.au/wp-content/uploads/2025/02/Kembla-Kitchens-Logo-Cropped-768x235.png]
[innokit.com.au/wp-content/uploads/2025/02/Kembla-Kitchens-Logo-Cropped-1536x471.png]
[innokit.com.au/wp-content/uploads/2025/02/Kembla-Kitchens-Logo-Cropped-2048x628.png]
[innokit.com.au/wp-content/uploads/2025/01/about-want-to-join-1-1024x780.jpg]
[innokit.com.au/wp-content/uploads/2025/01/about-want-to-join-1-300x229.jpg]
[innokit.com.au/wp-content/uploads/2025/01/about-want-to-join-1-768x585.jpg]
[innokit.com.au/wp-content/uploads/2025/01/about-want-to-join-1.jpg]
[innokit.com.au/about-us/index.html]
[innokit.com.au/wp-json/oembed/1.0/embed7e03.json]
[innokit.com.au/wp-json/oembed/1.0/embed997a]
[innokit.com.au/wp-json/wp/v2/pages/109.json]
[innokit.com.au/wp-content/uploads/2024/12/033-757x1024.jpg]
[innokit.com.au/wp-content/uploads/2024/12/008-683x1024.jpg]
[innokit.com.au/wp-content/uploads/2024/12/003-683x1024.jpg]
[innokit.com.au/wp-content/uploads/2024/12/011-682x1024.jpg]
[innokit.com.au/wp-content/uploads/2024/12/036-1024x745.jpg]
[innokit.com.au/what-we-do/index.html]
[innokit.com.au/wp-json/oembed/1.0/embed85ad.json]
[innokit.com.au/wp-json/oembed/1.0/embed4655]
[innokit.com.au/wp-json/wp/v2/pages/111.json]
[innokit.com.au/wp-content/uploads/2024/12/001.jpg]
[innokit.com.au/wp-content/uploads/2024/12/002.jpg]
[innokit.com.au/wp-content/uploads/2024/12/003.jpg]
[innokit.com.au/wp-content/uploads/2024/12/004.jpg]
[innokit.com.au/wp-content/uploads/2024/12/005.jpg]
[innokit.com.au/wp-content/uploads/2024/12/006.jpg]
[innokit.com.au/wp-content/uploads/2024/12/007.jpg]
[innokit.com.au/wp-content/uploads/2024/12/010.jpg]
[innokit.com.au/wp-content/uploads/2024/12/012.jpg]
[innokit.com.au/wp-content/uploads/2024/12/013.jpg]
[innokit.com.au/wp-content/uploads/2024/12/014.jpg]
[innokit.com.au/wp-content/uploads/2024/12/015.jpg]
[innokit.com.au/wp-content/uploads/2024/12/016.jpg]
[innokit.com.au/wp-content/uploads/2024/12/018.jpg]
[innokit.com.au/wp-content/uploads/2024/12/019.jpg]
[innokit.com.au/wp-content/uploads/2024/12/020.jpg]
[innokit.com.au/wp-content/uploads/2024/12/022.jpg]
[innokit.com.au/wp-content/uploads/2024/12/024.jpg]
[innokit.com.au/wp-content/uploads/2024/12/025.jpg]
[innokit.com.au/wp-content/uploads/2024/12/026.jpg]
[innokit.com.au/wp-content/uploads/2024/12/027.jpg]
[innokit.com.au/wp-content/uploads/2024/12/028.jpg]
[innokit.com.au/wp-content/uploads/2024/12/029.jpg]
[innokit.com.au/wp-content/uploads/2024/12/030.jpg]
[innokit.com.au/wp-content/uploads/2024/12/031.jpg]
[innokit.com.au/wp-content/uploads/2024/12/032-scaled.jpg]
[innokit.com.au/wp-content/uploads/2024/12/035.jpg]
[innokit.com.au/wp-content/uploads/2024/12/037.jpg]
[innokit.com.au/wp-content/uploads/2024/12/038.jpg]
[innokit.com.au/wp-content/uploads/2024/12/039.jpg]
[innokit.com.au/wp-content/uploads/2024/12/040.jpg]
[innokit.com.au/wp-content/uploads/2024/12/041.jpg]
[innokit.com.au/wp-content/uploads/2024/12/042.jpg]
[innokit.com.au/wp-content/uploads/2024/12/043.jpg]
[innokit.com.au/wp-content/uploads/2024/12/044.jpg]
[innokit.com.au/wp-content/uploads/2024/12/045.jpg]
[innokit.com.au/wp-content/uploads/2024/12/046.jpg]
[innokit.com.au/wp-content/uploads/2024/12/047.jpg]
[innokit.com.au/wp-content/uploads/2024/12/048.jpg]
[innokit.com.au/wp-content/uploads/2024/12/049.jpg]
[innokit.com.au/wp-content/uploads/2024/12/050.jpg]
[innokit.com.au/gallery/index.html]
[innokit.com.au/wp-json/oembed/1.0/embedab22.json]
[innokit.com.au/wp-json/oembed/1.0/embed836b]
[innokit.com.au/contact-us/index.html]
[innokit.com.au/wp-content/uploads/2024/12/Innokit-Master-Primary-Black-RGB.svg]
[innokit.com.au/wp-content/uploads/2024/12/Path-4.svg]
[innokit.com.au/wp-content/uploads/2024/12/Group-369.svg]
[innokit.com.au/wp-content/uploads/2024/12/Group-366.svg]
[innokit.com.au/wp-content/uploads/2024/12/Group-360.svg]
[innokit.com.au/wp-content/uploads/2024/12/Group-356.svg]
[innokit.com.au/wp-content/uploads/2024/12/Group-357.svg]
[innokit.com.au/wp-content/uploads/2024/12/Group-358.svg]
[innokit.com.au/wp-content/uploads/2024/12/Group-364.svg]
[innokit.com.au/wp-content/uploads/2024/12/Group-367.svg]
[innokit.com.au/wp-content/uploads/2024/12/Group-362.svg]
[innokit.com.au/wp-content/uploads/2025/01/Alinea-white-background-dark-alinea-pink-DBM.svg]
[innokit.com.au/cdn-cgi/l/email-protection.html]
[innokit.com.au/wp-json/wp/v2/pages/107.json]
[innokit.com.au/wp-json/oembed/1.0/embed5fd0.json]
[innokit.com.au/wp-json/oembed/1.0/embed6566]
[innokit.com.au/wp-content/uploads/2025/01/about-sec3-2-1-1.png]
[innokit.com.au/wp-json/wp/v2/pages/1157.json]
[innokit.com.au/wp-content/uploads/2025/01/about-sec3-2-1-1-300x49.png]
[innokit.com.au/wp-content/uploads/2025/01/230626_NN_mosman_1660-1.png]
[innokit.com.au/wp-content/uploads/2025/01/230626_NN_mosman_1660-1-230x300.png]
[innokit.com.au/wp-content/uploads/2025/01/230626_NN_mosman_1660-1-786x1024.png]
[innokit.com.au/wp-content/uploads/2025/01/230626_NN_mosman_1660-1-768x1000.png]
[innokit.com.au/wp-content/uploads/2025/01/SNAPIX23031002-0001-1-640x1024.png]
[innokit.com.au/wp-content/uploads/2025/01/SNAPIX23031002-0001-1-187x300.png]
[innokit.com.au/wp-content/uploads/2025/01/SNAPIX23031002-0001-1-768x1229.png]
[innokit.com.au/wp-content/uploads/2025/01/SNAPIX23031002-0001-1.png]
[innokit.com.au/wp-content/uploads/2025/01/SNAPIX23031002-0001-1-1-640x1024.png]
[innokit.com.au/wp-content/uploads/2025/01/SNAPIX23031002-0001-1-1-187x300.png]
[innokit.com.au/wp-content/uploads/2025/01/SNAPIX23031002-0001-1-1-768x1229.png]
[innokit.com.au/wp-content/uploads/2025/01/SNAPIX23031002-0001-1-1.png]
[innokit.com.au/wp-content/uploads/2025/01/230626_NN_mosman_1660.png]
[innokit.com.au/wp-content/uploads/2025/01/230626_NN_mosman_1660-230x300.png]
[innokit.com.au/wp-content/uploads/2025/01/230626_NN_mosman_1660-786x1024.png]
[innokit.com.au/wp-content/uploads/2025/01/230626_NN_mosman_1660-768x1000.png]
[innokit.com.au/wp-content/uploads/2025/01/about-sec3-2.png]
[innokit.com.au/wp-content/uploads/2025/01/about-sec3-2-300x49.png]
[innokit.com.au/wp-content/uploads/2025/01/SNAPIX23031002-0001-640x1024.png]
[innokit.com.au/wp-content/uploads/2025/01/SNAPIX23031002-0001-187x300.png]
[innokit.com.au/wp-content/uploads/2025/01/SNAPIX23031002-0001-768x1229.png]
[innokit.com.au/wp-content/uploads/2025/01/SNAPIX23031002-0001.png]
[innokit.com.au/wp-content/uploads/2024/12/001-1024x684.jpg]
[innokit.com.au/wp-content/uploads/2024/12/015-682x1024.jpg]
[innokit.com.au/wp-content/uploads/2024/12/004-683x1024.jpg]
[innokit.com.au/wp-content/uploads/2024/12/021-1024x682.jpg]
[innokit.com.au/kembla-kitchen-landing-page/index.html]
[innokit.com.au/wp-content/uploads/2024/12/024-682x1024.jpg]
[innokit.com.au/cdn-cgi/scripts/5c5dd728/cloudflare-static/email-decode.min.js]
[innokit.com.au/wp-includes/js/dist/hooks.min4ce2.js]
[innokit.com.au/wp-includes/js/dist/i18n.min99af.js]
[innokit.com.au/wp-content/plugins/contact-form-7/includes/swv/js/index6a4d.js]
[innokit.com.au/wp-content/plugins/contact-form-7/includes/js/index6a4d.js]
[innokit.com.au/wp-content/themes/zb-elementor/jquery.smartmenus.min4d6f.js]
[innokit.com.au/wp-content/themes/zb-elementor/script4d6f.js]
[innokit.com.au/wp-includes/js/imagesloaded.minbb93.js]
[innokit.com.au/wp-includes/js/masonry.min3a05.js]
[innokit.com.au/wp-content/themes/zb-elementor/assets/magnific-popup/jquery.magnific-popup.min.js]
[innokit.com.au/wp-content/themes/hello-elementor/assets/js/hello-frontend.mindeae.js]
[innokit.com.au/wp-content/plugins/elementor/assets/js/webpack.runtime.min2801.js]
[innokit.com.au/wp-content/plugins/elementor/assets/js/frontend-modules.min2801.js]
[innokit.com.au/wp-includes/js/jquery/ui/core.min0a10.js]
[innokit.com.au/wp-content/plugins/elementor/assets/js/frontend.min2801.js]
[innokit.com.au/wp-content/plugins/elementor/assets/lib/swiper/v8/swiper.min94a4.js]
[innokit.com.au/wp-content/plugins/elementor/assets/lib/e-gallery/js/e-gallery.min7359.js]
[innokit.com.au/wp-content/plugins/elementor-pro/assets/js/webpack-pro.runtime.min81e1.js]
[innokit.com.au/wp-content/plugins/elementor-pro/assets/js/frontend.min81e1.js]
[innokit.com.au/wp-content/plugins/elementor-pro/assets/js/elements-handlers.min81e1.js]
[innokit.com.au/cdn-cgi/challenge-platform/h/g/scripts/jsd/330e41bb475c/maind41d.js]
[innokit.com.au/wp-content/plugins/ecommerce-product-catalog/css/empty.gif]
[innokit.com.au/wp-content/uploads/2024/12/left-arrow-white.svg]
[innokit.com.au/wp-content/uploads/2024/12/right-arrow-white.svg]
[innokit.com.au/wp-content/uploads/2024/10/wwr-next.html]
[innokit.com.au/wp-content/uploads/2024/10/wwr-prev.html]
[innokit.com.au/wp-content/themes/zb-elementor/gallery-image-arrow.svg]
[innokit.com.au/wp-content/themes/zb-elementor/gallery-close.svg]
[innokit.com.au/wp-content/themes/zb-elementor/gallery-next.svg]
[innokit.com.au/wp-content/themes/zb-elementor/gallery-back.svg]
[innokit.com.au/wp-content/uploads/2025/01/Group-371-1.svg]
[innokit.com.au/wp-content/plugins/elementor/assets/css/widget-video.min2801.css]
[innokit.com.au/wp-content/uploads/2025/01/231020_NN_CastleCct_0061-1-1.jpg]
[innokit.com.au/wp-content/uploads/2025/01/231020_NN_CastleCct_0432-1-1.jpg]
[innokit.com.au/wp-content/uploads/2025/01/about-us-desktop.jpg]
[innokit.com.au/wp-content/uploads/2025/01/Component9.jpg]
[innokit.com.au/wp-content/uploads/elementor/css/post-20931fcb.css]
[innokit.com.au/wp-content/uploads/2025/01/about-us-image.jpg]
[innokit.com.au/index13cc.html]
[innokit.com.au/wp-json/oembed/1.0/embedf0c2.json]
[innokit.com.au/wp-json/oembed/1.0/embed2384]
[innokit.com.au/wp-json/wp/v2/pages/2823.json]
[innokit.com.au/wp-content/uploads/2025/06/Premium-Stainless-Steel-Joinery-header.jpg]
[innokit.com.au/wp-content/uploads/2025/06/Premium-Stainless-Steel-Joinery-header-300x166.jpg]
[innokit.com.au/wp-content/uploads/2025/06/Premium-Stainless-Steel-Joinery-header-1024x567.jpg]
[innokit.com.au/wp-content/uploads/2025/06/Premium-Stainless-Steel-Joinery-header-768x425.jpg]
[innokit.com.au/wp-content/uploads/2025/06/Premium-Stainless-Steel-Joinery-header-1536x850.jpg]
[innokit.com.au/wp-content/uploads/2025/06/Premium-Stainless-Steel-Joinery-header-600x332.jpg]
[innokit.com.au/wp-content/uploads/2025/06/Premium-Stainless-Steel-Joinery-header-280x155.jpg]
[innokit.com.au/premium-stainless-steel-joinery/index.html]
[innokit.com.au/wp-content/plugins/elementor-pro/assets/css/widget-loop-builder.min81e1.css]
[innokit.com.au/wp-content/uploads/2025/01/230626_NN_mosman_1684-1.jpg]
[innokit.com.au/wp-content/uploads/elementor/css/post-10985af.css]
[innokit.com.au/indexe887.html]
[innokit.com.au/wp-content/uploads/elementor/css/post-111cf4a.css]
[innokit.com.au/indexbbbb.html]
[innokit.com.au/wp-content/uploads/2024/12/Group-371.svg]
[innokit.com.au/wp-content/uploads/2025/01/230626_NN_mosman_1699-1.jpg]
[innokit.com.au/wp-content/uploads/elementor/css/post-1079806.css]
[innokit.com.au/wp-content/uploads/2024/12/footer-logo.png]
[innokit.com.au/wp-content/uploads/elementor/css/post-5869806.css]
[innokit.com.au/index5a24.html]
[innokit.com.au/wp-content/uploads/2024/12/footer-logo-res.png]
[innokit.com.au/wp-content/uploads/2025/01/Group-405.png]
[innokit.com.au/wp-content/uploads/elementor/css/post-11578097.css]
[innokit.com.au/wp-content/uploads/2025/01/Ainsworth-House-Massco-Projects-2024.-Photography-and-Video-by-Orlandosydney.com-_OS87770-min.png]
[innokit.com.au/index8b39.html]
[innokit.com.au/wp-json/oembed/1.0/embed3118.json]
[innokit.com.au/wp-json/oembed/1.0/embedbf59]
[innokit.com.au/wp-json/wp/v2/pages/2934.json]
[innokit.com.au/test-gallery/index.html]
[innokit.com.au/OPR/index.html]
[innokit.com.au/l.html]
[innokit.com.au/e.html]
[innokit.com.au/t.params.url.html]
[innokit.com.au/window.location.href.html]
[innokit.com.au/p[Yp(Cw.Y5.html]
[innokit.com.au/wp-content/uploads/2025/06/Door-Panel.jpg]
[innokit.com.au/wp-content/uploads/2025/06/Framework.jpg]
[innokit.com.au/wp-content/uploads/2025/06/Benchtop.jpg]
[innokit.com.au/wp-content/uploads/elementor/css/post-2823e548.css]
[innokit.com.au/wp-content/uploads/2025/09/Image_20250922181717_85_37-scaled.jpg]
[innokit.com.au/indexe3e6.html]
[innokit.com.au/wp-json/wp/v2/al_product-cat/13.json]
[innokit.com.au/products-category/premium-stainless-steel-joinery/custom-door-panels/feed/index.html]
[innokit.com.au/wp-content/uploads/2025/08/B66A4311-240x160.jpg]
[innokit.com.au/wp-content/uploads/2025/08/B66A4311-300x200.jpg]
[innokit.com.au/wp-content/uploads/2025/08/B66A4311-1024x683.jpg]
[innokit.com.au/wp-content/uploads/2025/08/B66A4311-768x512.jpg]
[innokit.com.au/wp-content/uploads/2025/08/B66A4311-1536x1024.jpg]
[innokit.com.au/wp-content/uploads/2025/08/B66A4311-2048x1365.jpg]
[innokit.com.au/wp-content/uploads/2025/08/B66A4311-600x400.jpg]
[innokit.com.au/wp-content/uploads/2025/06/Nano-Crystal-Door-277x160.jpg]
[innokit.com.au/wp-content/uploads/2025/06/Nano-Crystal-Door-300x173.jpg]
[innokit.com.au/wp-content/uploads/2025/06/Nano-Crystal-Door-768x444.jpg]
[innokit.com.au/wp-content/uploads/2025/06/Nano-Crystal-Door-600x347.jpg]
[innokit.com.au/wp-content/uploads/2025/06/Nano-Crystal-Door.jpg]
[innokit.com.au/wp-content/uploads/2025/06/Powder-coated-Door-277x160.jpg]
[innokit.com.au/wp-content/uploads/2025/06/Powder-coated-Door-300x173.jpg]
[innokit.com.au/wp-content/uploads/2025/06/Powder-coated-Door-768x444.jpg]
[innokit.com.au/wp-content/uploads/2025/06/Powder-coated-Door-600x347.jpg]
[innokit.com.au/wp-content/uploads/2025/06/Powder-coated-Door.jpg]
[innokit.com.au/wp-content/uploads/2025/06/Shaker-Door-277x160.jpg]
[innokit.com.au/wp-content/uploads/2025/06/Shaker-Door-300x173.jpg]
[innokit.com.au/wp-content/uploads/2025/06/Shaker-Door-768x444.jpg]
[innokit.com.au/wp-content/uploads/2025/06/Shaker-Door-600x347.jpg]
[innokit.com.au/wp-content/uploads/2025/06/Shaker-Door.jpg]
[innokit.com.au/products-category/premium-stainless-steel-joinery/custom-door-panels/index.html]
[innokit.com.au/wp-json/wp/v2/al_product-cat/15.json]
[innokit.com.au/products-category/premium-stainless-steel-joinery/joinery-framework/feed/index.html]
[innokit.com.au/wp-content/uploads/2025/08/B66A4189-240x160.jpg]
[innokit.com.au/wp-content/uploads/2025/08/B66A4189-300x200.jpg]
[innokit.com.au/wp-content/uploads/2025/08/B66A4189-1024x683.jpg]
[innokit.com.au/wp-content/uploads/2025/08/B66A4189-768x512.jpg]
[innokit.com.au/wp-content/uploads/2025/08/B66A4189-1536x1024.jpg]
[innokit.com.au/wp-content/uploads/2025/08/B66A4189-2048x1365.jpg]
[innokit.com.au/wp-content/uploads/2025/08/B66A4189-600x400.jpg]
[innokit.com.au/wp-content/uploads/2025/08/B66A4175-240x160.jpg]
[innokit.com.au/wp-content/uploads/2025/08/B66A4175-300x200.jpg]
[innokit.com.au/wp-content/uploads/2025/08/B66A4175-1024x683.jpg]
[innokit.com.au/wp-content/uploads/2025/08/B66A4175-768x512.jpg]
[innokit.com.au/wp-content/uploads/2025/08/B66A4175-1536x1024.jpg]
[innokit.com.au/wp-content/uploads/2025/08/B66A4175-2048x1365.jpg]
[innokit.com.au/wp-content/uploads/2025/08/B66A4175-600x400.jpg]
[innokit.com.au/products-category/premium-stainless-steel-joinery/joinery-framework/index.html]
[innokit.com.au/wp-json/wp/v2/al_product-cat/14.json]
[innokit.com.au/products-category/premium-stainless-steel-joinery/food-grade-benchtops/feed/index.html]
[innokit.com.au/wp-content/uploads/2025/06/心境-橱柜-4-240x160.jpg]
[innokit.com.au/wp-content/uploads/2025/06/心境-橱柜-4-300x200.jpg]
[innokit.com.au/wp-content/uploads/2025/06/心境-橱柜-4-1024x682.jpg]
[innokit.com.au/wp-content/uploads/2025/06/心境-橱柜-4-768x512.jpg]
[innokit.com.au/wp-content/uploads/2025/06/心境-橱柜-4-1536x1024.jpg]
[innokit.com.au/wp-content/uploads/2025/06/心境-橱柜-4-600x400.jpg]
[innokit.com.au/wp-content/uploads/2025/06/心境-橱柜-4.jpg]
[innokit.com.au/products-category/premium-stainless-steel-joinery/food-grade-benchtops/index.html]
[innokit.com.au/wp-json/wp/v2/al_product-cat/16.json]
[innokit.com.au/products-category/premium-stainless-steel-joinery/outdoor-kitchen/feed/index.html]
[innokit.com.au/wp-content/uploads/2025/09/20240623_154201_001-230x160.jpg]
[innokit.com.au/wp-content/uploads/2025/09/20240623_154201_001-300x209.jpg]
[innokit.com.au/wp-content/uploads/2025/09/20240623_154201_001-1024x714.jpg]
[innokit.com.au/wp-content/uploads/2025/09/20240623_154201_001-768x535.jpg]
[innokit.com.au/wp-content/uploads/2025/09/20240623_154201_001-1536x1070.jpg]
[innokit.com.au/wp-content/uploads/2025/09/20240623_154201_001-600x418.jpg]
[innokit.com.au/wp-content/uploads/2025/09/20240623_154201_001.jpg]
[innokit.com.au/products-category/premium-stainless-steel-joinery/outdoor-kitchen/index.html]
[innokit.com.au/wp-content/uploads/2025/01/Group-371.svg]
[innokit.com.au/wp-content/uploads/elementor/css/post-29347965.css]
[innokit.com.au/index969e.html]
[innokit.com.au/wp-json/oembed/1.0/embed51a0.json]
[innokit.com.au/wp-json/oembed/1.0/embedd98a]
[innokit.com.au/wp-json/wp/v2/al_product/3138.json]
[innokit.com.au/wp-content/uploads/2025/08/B66A4313-scaled.jpg]
[innokit.com.au/wp-content/uploads/2025/08/B66A4313-1024x683.jpg]
[innokit.com.au/wp-content/uploads/2025/08/B66A4446-scaled.jpg]
[innokit.com.au/wp-content/uploads/2025/08/B66A4446-1024x683.jpg]
[innokit.com.au/wp-content/uploads/2025/08/B66A4579-scaled.jpg]
[innokit.com.au/wp-content/uploads/2025/08/B66A4579-1024x683.jpg]
[innokit.com.au/wp-content/uploads/2025/08/B66A4442-scaled.jpg]
[innokit.com.au/wp-content/uploads/2025/08/B66A4442-1024x683.jpg]
[innokit.com.au/wp-content/uploads/2025/08/B66A4340-scaled.jpg]
[innokit.com.au/wp-content/uploads/2025/08/B66A4340-1024x683.jpg]
[innokit.com.au/wp-content/uploads/2025/08/B66A4574-scaled.jpg]
[innokit.com.au/wp-content/uploads/2025/08/B66A4574-1024x683.jpg]
[innokit.com.au/wp-content/uploads/2025/08/B66A4520-scaled.jpg]
[innokit.com.au/wp-content/uploads/2025/08/B66A4520-1024x683.jpg]
[innokit.com.au/wp-content/uploads/2025/08/B66A4420-scaled.jpg]
[innokit.com.au/wp-content/uploads/2025/08/B66A4420-1024x683.jpg]
[innokit.com.au/wp-content/uploads/2025/08/B66A4204-scaled.jpg]
[innokit.com.au/wp-content/uploads/2025/08/B66A4204-1024x683.jpg]
[innokit.com.au/wp-content/uploads/2025/08/B66A4566-scaled.jpg]
[innokit.com.au/wp-content/uploads/2025/08/B66A4566-1024x683.jpg]
[innokit.com.au/products/door-panels/index.html]
[innokit.com.au/wp-content/uploads/2025/06/凯雪-橱柜-2-1-1024x683.jpg]
[innokit.com.au/wp-content/uploads/2025/06/凯雪-橱柜-8-scaled.jpg]
[innokit.com.au/wp-content/uploads/2025/06/凯雪-橱柜-8-1024x782.jpg]
[innokit.com.au/wp-content/uploads/2025/06/凯雪-橱柜-2-2-1-scaled.jpg]
[innokit.com.au/wp-content/uploads/2025/06/凯雪-橱柜-2-2-1-1024x683.jpg]
[innokit.com.au/wp-content/uploads/2025/06/processed-5FD7793B-8782-4140-8545-3D9A0F36B2A7.jpeg]
[innokit.com.au/wp-content/uploads/2025/06/processed-5FD7793B-8782-4140-8545-3D9A0F36B2A7-768x1024.jpeg]
[innokit.com.au/wp-content/uploads/2025/06/processed-EE503C68-94F3-4DB3-91D4-CFB685444099.jpeg]
[innokit.com.au/wp-content/uploads/2025/06/processed-EE503C68-94F3-4DB3-91D4-CFB685444099-768x1024.jpeg]
[innokit.com.au/wp-content/uploads/2025/06/凯雪-橱柜-10-scaled.jpg]
[innokit.com.au/products/nano-crystal-door/index.html]
[innokit.com.au/wp-content/uploads/2025/06/凯雪-橱柜-10-1024x683.jpg]
[innokit.com.au/wp-json/oembed/1.0/embed7ebb.json]
[innokit.com.au/wp-json/oembed/1.0/embedbd3c]
[innokit.com.au/wp-json/wp/v2/al_product/2833.json]
[www.bainengkitchen.com/uploads/image/20230104/304-stainless-steel.jpg]
[www.bainengkitchen.com/uploads/image/20230104/304-stainless-steel-aluminiun-honey-comb-glass.jpg]
[www.bainengkitchen.com/uploads/image/20230104/304-stainless-steel-aluminiun-honey.jpg]
[innokit.com.au/wp-content/uploads/2025/06/心境-橱柜-10.jpg]
[innokit.com.au/wp-content/uploads/2025/06/心境-橱柜-10-1024x658.jpg]
[innokit.com.au/wp-content/uploads/2025/06/心境-橱柜-9.jpg]
[innokit.com.au/wp-content/uploads/2025/06/心境-橱柜-9-567x1024.jpg]
[innokit.com.au/wp-content/uploads/2025/06/心境-橱柜-8.jpg]
[innokit.com.au/wp-content/uploads/2025/06/心境-橱柜-8-1024x682.jpg]
[innokit.com.au/wp-content/uploads/2025/06/心境-橱柜-7.jpg]
[innokit.com.au/wp-content/uploads/2025/06/心境-橱柜-7-1024x682.jpg]
[innokit.com.au/wp-content/uploads/2025/06/心境-橱柜-6.jpg]
[innokit.com.au/wp-content/uploads/2025/06/心境-橱柜-6-722x1024.jpg]
[innokit.com.au/wp-content/uploads/2025/06/心境-橱柜-3.jpg]
[innokit.com.au/wp-content/uploads/2025/06/心境-橱柜-3-1024x683.jpg]
[innokit.com.au/wp-content/uploads/2025/06/心境-橱柜-2.jpg]
[innokit.com.au/wp-content/uploads/2025/06/心境-橱柜-2-1024x683.jpg]
[innokit.com.au/wp-content/uploads/2025/06/心境-橱柜-1.jpg]
[innokit.com.au/products/powder-coated-door/index.html]
[innokit.com.au/wp-content/uploads/2025/06/心境-橱柜-1-1024x683.jpg]
[innokit.com.au/wp-json/oembed/1.0/embed059d.json]
[innokit.com.au/wp-json/oembed/1.0/embede54f]
[innokit.com.au/wp-content/uploads/2025/08/阳台柜-欧铂赛尔-睿雅-scaled.jpg]
[innokit.com.au/wp-json/wp/v2/al_product/2907.json]
[innokit.com.au/wp-content/uploads/2025/08/阳台柜-欧铂赛尔-睿雅-1024x768.jpg]
[innokit.com.au/wp-content/uploads/2025/01/231020_NN_CastleCct_0043.jpg]
[innokit.com.au/wp-content/uploads/2025/01/231020_NN_CastleCct_0043-519x1024.jpg]
[innokit.com.au/wp-content/uploads/2025/08/橱柜-欧铂赛尔-霁月Ⅱ.jpg]
[innokit.com.au/wp-content/uploads/2025/08/橱柜-欧铂赛尔-霁月Ⅱ-1024x768.jpg]
[innokit.com.au/wp-content/uploads/2025/01/231020_NN_CastleCct_0061-1-1-1024x683.jpg]
[innokit.com.au/wp-content/uploads/2025/06/New-kitcehn-cabinet-9.png]
[innokit.com.au/wp-content/uploads/2025/06/New-kitcehn-cabinet-9-1024x604.png]
[innokit.com.au/wp-content/uploads/2025/08/橱柜-欧铂赛尔-霁月Ⅲ.jpg]
[innokit.com.au/wp-content/uploads/2025/08/橱柜-欧铂赛尔-霁月Ⅲ-1024x768.jpg]
[innokit.com.au/wp-content/uploads/2025/08/橱柜-欧铂赛尔-君御Ⅱ-scaled.jpg]
[innokit.com.au/wp-content/uploads/2025/08/橱柜-欧铂赛尔-君御Ⅱ-1024x640.jpg]
[innokit.com.au/wp-content/uploads/2025/08/橱柜-欧铂赛尔-天凌Ⅱ（右）-scaled.jpg]
[innokit.com.au/wp-content/uploads/2025/08/橱柜-欧铂赛尔-天凌Ⅱ（右）-1024x824.jpg]
[innokit.com.au/wp-content/uploads/2025/08/ss-cabinet-8.jpg]
[innokit.com.au/products/aupcel-shaker-door/index.html]
[innokit.com.au/wp-content/uploads/2025/08/ss-cabinet-8-1024x769.jpg]
[innokit.com.au/wp-content/plugins/ecommerce-product-catalog/js/product.min173c.js]
[innokit.com.au/wp-content/plugins/ecommerce-product-catalog/js/product-ajax.min173c.js]
[innokit.com.au/wp-json/oembed/1.0/embed4a5a.json]
[innokit.com.au/wp-json/oembed/1.0/embed114d]
[innokit.com.au/wp-json/wp/v2/al_product/3128.json]
[innokit.com.au/wp-content/uploads/2025/08/B66A4191-300x200.jpg]
[innokit.com.au/wp-content/uploads/2025/08/B66A4191-1024x683.jpg]
[innokit.com.au/wp-content/uploads/2025/08/B66A4191-768x512.jpg]
[innokit.com.au/wp-content/uploads/2025/08/B66A4191-1536x1024.jpg]
[innokit.com.au/wp-content/uploads/2025/08/B66A4191-2048x1365.jpg]
[innokit.com.au/wp-content/uploads/2025/08/B66A4191-600x400.jpg]
[innokit.com.au/products/a2-joinery/index.html]
[innokit.com.au/wp-content/uploads/2025/08/B66A4191-240x160.jpg]
[innokit.com.au/wp-json/oembed/1.0/embed751e.json]
[innokit.com.au/wp-json/oembed/1.0/embed0fa0]
[innokit.com.au/wp-content/uploads/2025/08/B66A4174-300x200.jpg]
[innokit.com.au/wp-json/wp/v2/al_product/3123.json]
[innokit.com.au/wp-content/uploads/2025/08/B66A4174-1024x683.jpg]
[innokit.com.au/wp-content/uploads/2025/08/B66A4174-768x512.jpg]
[innokit.com.au/wp-content/uploads/2025/08/B66A4174-1536x1024.jpg]
[innokit.com.au/wp-content/uploads/2025/08/B66A4174-2048x1365.jpg]
[innokit.com.au/wp-content/uploads/2025/08/B66A4174-600x400.jpg]
[innokit.com.au/wp-content/uploads/2025/08/B66A4174-240x160.jpg]
[innokit.com.au/wp-content/uploads/2025/08/B66A4176-300x200.jpg]
[innokit.com.au/wp-content/uploads/2025/08/B66A4176-1024x683.jpg]
[innokit.com.au/wp-content/uploads/2025/08/B66A4176-768x512.jpg]
[innokit.com.au/wp-content/uploads/2025/08/B66A4176-1536x1024.jpg]
[innokit.com.au/wp-content/uploads/2025/08/B66A4176-2048x1365.jpg]
[innokit.com.au/wp-content/uploads/2025/08/B66A4176-600x400.jpg]
[innokit.com.au/wp-content/uploads/2025/08/B66A4176-240x160.jpg]
[innokit.com.au/wp-content/uploads/2025/08/B66A4177-300x200.jpg]
[innokit.com.au/wp-content/uploads/2025/08/B66A4177-1024x683.jpg]
[innokit.com.au/wp-content/uploads/2025/08/B66A4177-768x512.jpg]
[innokit.com.au/wp-content/uploads/2025/08/B66A4177-1536x1024.jpg]
[innokit.com.au/wp-content/uploads/2025/08/B66A4177-2048x1365.jpg]
[innokit.com.au/wp-content/uploads/2025/08/B66A4177-600x400.jpg]
[innokit.com.au/products/a8-joinery/index.html]
[innokit.com.au/wp-content/uploads/2025/08/B66A4177-240x160.jpg]
[innokit.com.au/wp-json/oembed/1.0/embedc8b6.json]
[innokit.com.au/wp-json/oembed/1.0/embed6a6b]
[innokit.com.au/wp-content/uploads/2025/06/Weixin-Image_20250827153021_173-300x160.png]
[innokit.com.au/wp-json/wp/v2/al_product/3086.json]
[innokit.com.au/wp-content/uploads/2025/06/Weixin-Image_20250827153021_173-1024x546.png]
[innokit.com.au/wp-content/uploads/2025/06/Weixin-Image_20250827153021_173-768x410.png]
[innokit.com.au/wp-content/uploads/2025/06/Weixin-Image_20250827153021_173-1536x820.png]
[innokit.com.au/wp-content/uploads/2025/06/Weixin-Image_20250827153021_173-600x320.png]
[innokit.com.au/wp-content/uploads/2025/06/Weixin-Image_20250827153021_173-280x149.png]
[innokit.com.au/wp-content/uploads/2025/06/Weixin-Image_20250827153021_173.png]
[innokit.com.au/wp-content/uploads/2025/06/Picture6-300x139.png]
[innokit.com.au/wp-content/uploads/2025/06/Picture6-768x355.png]
[innokit.com.au/wp-content/uploads/2025/06/Picture6-600x278.png]
[innokit.com.au/wp-content/uploads/2025/06/Picture6-280x130.png]
[innokit.com.au/wp-content/uploads/2025/06/Picture6.png]
[innokit.com.au/wp-content/uploads/2025/06/Picture5-300x139.png]
[innokit.com.au/wp-content/uploads/2025/06/Picture5-768x356.png]
[innokit.com.au/wp-content/uploads/2025/06/Picture5-600x278.png]
[innokit.com.au/wp-content/uploads/2025/06/Picture5-280x130.png]
[innokit.com.au/wp-content/uploads/2025/06/Picture5.png]
[innokit.com.au/wp-content/uploads/2025/06/Picture4-300x162.png]
[innokit.com.au/wp-content/uploads/2025/06/Picture4-768x416.png]
[innokit.com.au/wp-content/uploads/2025/06/Picture4-600x325.png]
[innokit.com.au/wp-content/uploads/2025/06/Picture4-280x152.png]
[innokit.com.au/wp-content/uploads/2025/06/Picture4.png]
[innokit.com.au/wp-content/uploads/2025/06/Picture3-300x163.png]
[innokit.com.au/wp-content/uploads/2025/06/Picture3-768x416.png]
[innokit.com.au/wp-content/uploads/2025/06/Picture3-600x325.png]
[innokit.com.au/wp-content/uploads/2025/06/Picture3-280x152.png]
[innokit.com.au/wp-content/uploads/2025/06/Picture3.png]
[innokit.com.au/wp-content/uploads/2025/06/凯雪-橱柜-2-2-scaled.jpg]
[innokit.com.au/wp-content/uploads/2025/06/凯雪-橱柜-2-2-1024x683.jpg]
[innokit.com.au/wp-content/uploads/2025/06/Weixin-Image_20250828143708_587-scaled.jpg]
[innokit.com.au/wp-content/uploads/2025/06/Weixin-Image_20250828143708_587-1024x768.jpg]
[innokit.com.au/wp-content/uploads/2025/06/Weixin-Image_20250828143713_588.jpg]
[innokit.com.au/wp-content/uploads/2025/06/Weixin-Image_20250828143713_588-1024x768.jpg]
[innokit.com.au/wp-content/uploads/2025/06/Weixin-Image_20250828143719_589.jpg]
[innokit.com.au/wp-content/uploads/2025/06/Weixin-Image_20250828143723_590.jpg]
[innokit.com.au/products/new-benchtop/index.html]
[innokit.com.au/wp-content/uploads/2025/06/Weixin-Image_20250828143726_591.jpg]
[innokit.com.au/wp-json/oembed/1.0/embedb39a.json]
[innokit.com.au/wp-json/oembed/1.0/embedd5e5]
[innokit.com.au/wp-content/uploads/2025/09/60975AE6-20F7-45be-91F2-218D32ABC8CA-300x300.png]
[innokit.com.au/wp-json/wp/v2/al_product/3178.json]
[innokit.com.au/wp-content/uploads/2025/09/60975AE6-20F7-45be-91F2-218D32ABC8CA-1024x1024.png]
[innokit.com.au/wp-content/uploads/2025/09/60975AE6-20F7-45be-91F2-218D32ABC8CA-150x150.png]
[innokit.com.au/wp-content/uploads/2025/09/60975AE6-20F7-45be-91F2-218D32ABC8CA-768x768.png]
[innokit.com.au/wp-content/uploads/2025/09/60975AE6-20F7-45be-91F2-218D32ABC8CA-600x600.png]
[innokit.com.au/wp-content/uploads/2025/09/60975AE6-20F7-45be-91F2-218D32ABC8CA-160x160.png]
[innokit.com.au/wp-content/uploads/2025/09/60975AE6-20F7-45be-91F2-218D32ABC8CA.png]
[innokit.com.au/wp-content/uploads/2025/09/9BC6049B-5B5C-4151-9C9A-3542C0139E7F-300x300.png]
[innokit.com.au/wp-content/uploads/2025/09/9BC6049B-5B5C-4151-9C9A-3542C0139E7F-1024x1024.png]
[innokit.com.au/wp-content/uploads/2025/09/9BC6049B-5B5C-4151-9C9A-3542C0139E7F-150x150.png]
[innokit.com.au/wp-content/uploads/2025/09/9BC6049B-5B5C-4151-9C9A-3542C0139E7F-768x768.png]
[innokit.com.au/wp-content/uploads/2025/09/9BC6049B-5B5C-4151-9C9A-3542C0139E7F-600x600.png]
[innokit.com.au/wp-content/uploads/2025/09/9BC6049B-5B5C-4151-9C9A-3542C0139E7F-160x160.png]
[innokit.com.au/wp-content/uploads/2025/09/9BC6049B-5B5C-4151-9C9A-3542C0139E7F.png]
[innokit.com.au/wp-content/uploads/2025/09/9031C045-A277-436d-8E19-2AED795CE931-300x300.png]
[innokit.com.au/wp-content/uploads/2025/09/9031C045-A277-436d-8E19-2AED795CE931-1024x1024.png]
[innokit.com.au/wp-content/uploads/2025/09/9031C045-A277-436d-8E19-2AED795CE931-150x150.png]
[innokit.com.au/wp-content/uploads/2025/09/9031C045-A277-436d-8E19-2AED795CE931-768x768.png]
[innokit.com.au/wp-content/uploads/2025/09/9031C045-A277-436d-8E19-2AED795CE931-600x600.png]
[innokit.com.au/wp-content/uploads/2025/09/9031C045-A277-436d-8E19-2AED795CE931-160x160.png]
[innokit.com.au/wp-content/uploads/2025/09/9031C045-A277-436d-8E19-2AED795CE931.png]
[innokit.com.au/wp-content/uploads/2025/09/20240623_154201_002-300x165.jpg]
[innokit.com.au/wp-content/uploads/2025/09/20240623_154201_002-1024x564.jpg]
[innokit.com.au/wp-content/uploads/2025/09/20240623_154201_002-768x423.jpg]
[innokit.com.au/wp-content/uploads/2025/09/20240623_154201_002-1536x846.jpg]
[innokit.com.au/wp-content/uploads/2025/09/20240623_154201_002-600x330.jpg]
[innokit.com.au/wp-content/uploads/2025/09/20240623_154201_002-280x154.jpg]
[innokit.com.au/wp-content/uploads/2025/09/20240623_154201_002.jpg]
[innokit.com.au/wp-content/uploads/2025/09/20240623_154201_004-300x160.jpg]
[innokit.com.au/wp-content/uploads/2025/09/20240623_154201_004-1024x546.jpg]
[innokit.com.au/wp-content/uploads/2025/09/20240623_154201_004-768x409.jpg]
[innokit.com.au/wp-content/uploads/2025/09/20240623_154201_004-1536x818.jpg]
[innokit.com.au/wp-content/uploads/2025/09/20240623_154201_004-600x320.jpg]
[innokit.com.au/wp-content/uploads/2025/09/20240623_154201_004-280x149.jpg]
[innokit.com.au/wp-content/uploads/2025/09/20240623_154201_004.jpg]
[innokit.com.au/wp-content/uploads/2025/09/DF463171-8989-4841-A5D8-81FC7C35EF88-300x300.png]
[innokit.com.au/wp-content/uploads/2025/09/DF463171-8989-4841-A5D8-81FC7C35EF88-1024x1024.png]
[innokit.com.au/wp-content/uploads/2025/09/DF463171-8989-4841-A5D8-81FC7C35EF88-150x150.png]
[innokit.com.au/wp-content/uploads/2025/09/DF463171-8989-4841-A5D8-81FC7C35EF88-768x768.png]
[innokit.com.au/wp-content/uploads/2025/09/DF463171-8989-4841-A5D8-81FC7C35EF88-600x600.png]
[innokit.com.au/wp-content/uploads/2025/09/DF463171-8989-4841-A5D8-81FC7C35EF88-160x160.png]
[innokit.com.au/wp-content/uploads/2025/09/DF463171-8989-4841-A5D8-81FC7C35EF88.png]
[innokit.com.au/wp-content/uploads/2025/09/outdoor-cabinet-5-300x216.png]
[innokit.com.au/wp-content/uploads/2025/09/outdoor-cabinet-5-768x553.png]
[innokit.com.au/wp-content/uploads/2025/09/outdoor-cabinet-5-600x432.png]
[innokit.com.au/wp-content/uploads/2025/09/outdoor-cabinet-5-222x160.png]
[innokit.com.au/wp-content/uploads/2025/09/outdoor-cabinet-5.png]
[innokit.com.au/wp-content/uploads/2025/09/outdoor-cabinet-6-300x162.png]
[innokit.com.au/wp-content/uploads/2025/09/outdoor-cabinet-6-1024x554.png]
[innokit.com.au/wp-content/uploads/2025/09/outdoor-cabinet-6-768x416.png]
[innokit.com.au/wp-content/uploads/2025/09/outdoor-cabinet-6-600x325.png]
[innokit.com.au/wp-content/uploads/2025/09/outdoor-cabinet-6-280x152.png]
[innokit.com.au/wp-content/uploads/2025/09/outdoor-cabinet-6.png]
[innokit.com.au/wp-content/uploads/2025/09/outdoor-cabinet-8-300x244.png]
[innokit.com.au/wp-content/uploads/2025/09/outdoor-cabinet-8-768x626.png]
[innokit.com.au/wp-content/uploads/2025/09/outdoor-cabinet-8-600x489.png]
[innokit.com.au/wp-content/uploads/2025/09/outdoor-cabinet-8-196x160.png]
[innokit.com.au/wp-content/uploads/2025/09/outdoor-cabinet-8.png]
[innokit.com.au/wp-content/uploads/2025/09/outdoor-cabinet-14-300x189.png]
[innokit.com.au/wp-content/uploads/2025/09/outdoor-cabinet-14-768x485.png]
[innokit.com.au/wp-content/uploads/2025/09/outdoor-cabinet-14-600x379.png]
[innokit.com.au/wp-content/uploads/2025/09/outdoor-cabinet-14-253x160.png]
[innokit.com.au/wp-content/uploads/2025/09/outdoor-cabinet-14.png]
[innokit.com.au/wp-content/uploads/2025/09/outdoor-cabinet-211-300x247.png]
[innokit.com.au/wp-content/uploads/2025/09/outdoor-cabinet-211-600x494.png]
[innokit.com.au/wp-content/uploads/2025/09/outdoor-cabinet-211-194x160.png]
[innokit.com.au/wp-content/uploads/2025/09/outdoor-cabinet-211.png]
[innokit.com.au/wp-content/uploads/2025/09/Weixin-Image_20250926150557_359_248-1-scaled.jpg]
[innokit.com.au/wp-content/uploads/2025/09/Weixin-Image_20250926150557_359_248-1-767x1024.jpg]
[innokit.com.au/wp-content/uploads/2025/09/Weixin-Image_20250926150559_360_248-scaled.jpg]
[innokit.com.au/wp-content/uploads/2025/09/Weixin-Image_20250926150559_360_248-767x1024.jpg]
[innokit.com.au/wp-content/uploads/2025/09/Weixin-Image_20250926150555_358_248-scaled.jpg]
[innokit.com.au/products/outdoor-kitchen/index.html]
[innokit.com.au/wp-content/uploads/2025/09/Weixin-Image_20250926150555_358_248-767x1024.jpg]
[innokit.com.au/index6316.html]
[innokit.com.au/wp-json/oembed/1.0/embed74dd]
[innokit.com.au/index22a0.html]
[innokit.com.au/wp-content/uploads/2025/06/凯雪-橱柜-2-1-scaled.jpg]
[innokit.com.au/wp-json/wp/v2/al_product/2906]
[innokit.com.au/wp-json/oembed/1.0/embed7171]
[innokit.com.au/index7994.html]
[innokit.com.au/index4ac3.html]
[innokit.com.au/indexb33b.html]
[innokit.com.au/index4cfe.html]
[innokit.com.au/index7e04.html]
[innokit.com.au/index8372.html]
[innokit.com.au/contact-us]
